// Jest Snapshot v1, https://goo.gl/fbAQLP

exports[`Test render AboutPage 1`] = `
<div
  className="ui vertically padded grid"
>
  <div
    className="blue row"
  >
    <div
      className="ui container"
    >
      <div
        className="ui one cards"
      >
        <div
          className="ui card"
          href={undefined}
          onClick={[Function]}
        >
          <div
            className="content"
          >
            <div
              className="header"
            >
              Titulo
            </div>
          </div>
          <div
            className="content"
          >
            <div
              className="description"
            >
              <div
                className="ui centered divided one column grid"
              >
                <div
                  className="row"
                >
                  <div
                    className="column"
                  >
                    Descricao
                  </div>
                  <div
                    className="column"
                  >
                    <img
                      alt={undefined}
                      className="ui medium centered image"
                      height={undefined}
                      src={undefined}
                      width={undefined}
                    />
                  </div>
                </div>
              </div>
            </div>
          </div>
        </div>
      </div>
    </div>
  </div>
  <div
    className="row"
  >
    <div
      className="ui container"
    >
      <div
        className="ui two cards"
      >
        <div
          className="ui card"
          href={undefined}
          onClick={[Function]}
        >
          <div
            className="content"
          >
            <div
              className="header"
            >
              Venha conhecer
            </div>
          </div>
          <div
            className="content"
          >
            <div
              className="description"
            >
              <div
                className="ui centered divided one column grid"
              >
                <div
                  className="row"
                >
                  <div
                    className="column"
                  >
                    desfrute de inumeros jogos
                  </div>
                  <div
                    className="column"
                  >
                    <img
                      alt={undefined}
                      className="ui medium centered image"
                      height={undefined}
                      src={undefined}
                      width={undefined}
                    />
                  </div>
                </div>
              </div>
            </div>
          </div>
        </div>
        <div
          className="ui card"
          href={undefined}
          onClick={[Function]}
        >
          <div
            className="content"
          >
            <div
              className="header"
            />
          </div>
          <div
            className="content"
          >
            <div
              className="description"
            >
              <div
                className="ui centered divided grid"
              >
                <div
                  className="row"
                >
                  <div
                    className="column"
                  />
                  <div
                    className="column"
                  >
                    <img
                      alt={undefined}
                      className="ui medium centered image"
                      height={undefined}
                      src={undefined}
                      width={undefined}
                    />
                  </div>
                </div>
              </div>
            </div>
          </div>
        </div>
      </div>
    </div>
  </div>
</div>
`;
