// Jest Snapshot v1, https://goo.gl/fbAQLP

exports[`Test render DescriptionCard 1`] = `
<div
  className="ui fluid card"
  href={undefined}
  onClick={[Function]}
>
  <div
    className="content"
  >
    <div
      className="header"
    >
      Descrição
    </div>
    <div
      className="description"
    >
      content
    </div>
  </div>
  <div
    className="ui fluid card"
    href={undefined}
    onClick={[Function]}
  >
    <div
      className="content"
    >
      <div
        className="header"
      >
        Prêmios
      </div>
      <div
        className="description"
      >
        content
      </div>
    </div>
  </div>
</div>
`;
