// Jest Snapshot v1, https://goo.gl/fbAQLP

exports[`Test render GameItemList 1`] = `
<div
  className="ui divided unstackable items"
>
  <div
    className="item"
  >
    <div
      className="ui tiny image"
      style="style"
    >
      <img
        alt={undefined}
        className="ui image"
        height={undefined}
        src="./image.jpg"
        style="style"
        width={undefined}
      />
      )
    </div>
    <div
      className="middle aligned content"
    >
      <div
        className="header"
      >
        name
      </div>
      <div
        className="meta"
      >
        <div
          className="ui images"
        >
          <img
            alt={undefined}
            className="ui image"
            height="30"
            src={1}
            width="30"
          />
           )
        </div>
      </div>
      <div
        className="extra"
      >
        <button
          className="ui green basic right floated button"
          onClick={[Function]}
          tabIndex={undefined}
        >
          Baixe agora!
        </button>
        )
        <div
          className="ui green label"
          onClick={[Function]}
        >
          acao
        </div>
      </div>
    </div>
  </div>
</div>
`;
