// Jest Snapshot v1, https://goo.gl/fbAQLP

exports[`Test render GameCard 1`] = `
<div
  className="ui card"
  href={undefined}
  onClick={[Function]}
>
  <div
    style="lolo"
  >
    <img
      alt={undefined}
      className="ui image"
      height={undefined}
      src="./image.jpg"
      style="lala"
      width={undefined}
    />
  </div>
  <div
    className="content"
  >
    <div
      className="header"
    >
      nome
    </div>
  </div>
  <div
    className="extra content"
  >
    <img
      height="20"
      src="./image2.jpg"
      width="20"
    />
     )
  </div>
</div>
`;
