// Jest Snapshot v1, https://goo.gl/fbAQLP

exports[`Test render Genres 1`] = `
<div
  aria-busy={undefined}
  aria-disabled={undefined}
  aria-expanded={false}
  aria-multiselectable={undefined}
  className="ui dropdown"
  onBlur={[Function]}
  onChange={[Function]}
  onClick={[Function]}
  onFocus={[Function]}
  onMouseDown={[Function]}
  role="listbox"
  tabIndex={0}
>
  <div
    className="text"
  >
    Categorias
  </div>
  <i
    aria-hidden="true"
    className="dropdown icon"
  />
  <div
    className="menu transition"
  >
    [
    acao
    , 
    aventura
    , 
    terror
    ]
  </div>
</div>
`;
