// Jest Snapshot v1, https://goo.gl/fbAQLP

exports[`Test render PackageCard 1`] = `
<div
  className="ui fluid card"
  href={undefined}
  onClick={[Function]}
>
  <div
    className="content"
  >
    <div
      className="header"
    >
      Download
    </div>
  </div>
  <div
    className="content"
  >
    <div
      className="ui centered grid"
      size="large"
    >
      <div
        className="ui buttons"
      >
        [
        button1
        ,
        button2
        ,
        button3
        ]
      </div>
    </div>
  </div>
  <div
    className="extra content"
  />
</div>
`;
