// Jest Snapshot v1, https://goo.gl/fbAQLP

exports[`Test render Paginator 1`] = `
<div
  className="ui borderless inverted pagination menu"
>
  <a
    className="item"
    onClick={[Function]}
  >
    <i
      aria-hidden="true"
      className="angle left icon"
    />
  </a>
  <a
    className="item"
    onClick={[Function]}
  >
    <i
      aria-hidden="true"
      className="angle outline right icon"
    />
  </a>
</div>
`;
