// Jest Snapshot v1, https://goo.gl/fbAQLP

exports[`Test render PlatformItems 1`] = `
<div
  aria-busy={undefined}
  aria-disabled={undefined}
  aria-expanded={false}
  aria-multiselectable={undefined}
  className="ui selection dropdown"
  onBlur={[Function]}
  onChange={[Function]}
  onClick={[Function]}
  onFocus={[Function]}
  onMouseDown={[Function]}
  role="listbox"
  tabIndex={0}
>
  <select
    aria-hidden="true"
    multiple={undefined}
    name={undefined}
    type="hidden"
    value=""
  >
    <option
      value=""
    />
  </select>
  <div
    className="text"
  >
    Windows
  </div>
  <i
    aria-hidden="true"
    className="dropdown icon"
  />
  <div
    className="menu transition"
  >
    <div
      aria-checked={undefined}
      aria-disabled={undefined}
      aria-selected={undefined}
      className="item"
      onClick={[Function]}
      role="option"
    >
      Todas plataformas
    </div>
    Windows
  </div>
</div>
`;
